../Drivers/CMSIS/Include/core_cm4.h:1679:22:__NVIC_EnableIRQ	2
../Core/Src/main.c:80:5:main	1
../Core/Src/main.c:132:6:SystemClock_Config	4
../Core/Src/main.c:183:13:MX_TIM1_Init	7
../Core/Src/main.c:263:13:MX_TIM2_Init	7
../Core/Src/main.c:326:13:MX_TIM3_Init	4
../Core/Src/main.c:371:13:MX_USART2_UART_Init	2
../Core/Src/main.c:406:13:MX_GPIO_Init	1
../Core/Src/main.c:450:6:TIM3_Init_HSync	1
../Core/Src/main.c:481:6:tim4_init_vsync	1
../Core/Src/main.c:510:6:gpio_init_hsync_and_vsync	1
../Core/Src/main.c:536:6:dac_init_output	1
../Core/Src/main.c:546:6:tim2_init_color_window	1
../Core/Src/main.c:569:6:Error_Handler	1
