../Drivers/CMSIS/Include/core_cm4.h:1679:22:__NVIC_EnableIRQ	16	static,ignoring_inline_asm
../Core/Src/main.c:80:5:main	8	static
../Core/Src/main.c:132:6:SystemClock_Config	96	static
../Core/Src/main.c:183:13:MX_TIM1_Init	112	static
../Core/Src/main.c:263:13:MX_TIM2_Init	64	static
../Core/Src/main.c:326:13:MX_TIM3_Init	40	static
../Core/Src/main.c:371:13:MX_USART2_UART_Init	8	static
../Core/Src/main.c:406:13:MX_GPIO_Init	48	static
../Core/Src/main.c:450:6:TIM3_Init_HSync	4	static
../Core/Src/main.c:481:6:tim4_init_vsync	4	static
../Core/Src/main.c:510:6:gpio_init_hsync_and_vsync	4	static
../Core/Src/main.c:536:6:dac_init_output	4	static
../Core/Src/main.c:546:6:tim2_init_color_window	8	static
../Core/Src/main.c:569:6:Error_Handler	4	static,ignoring_inline_asm
